// TUI Test Snapshot v1

exports[`Dirs command › shows directory information | 1`] = String.raw`
╭────────────────────────────────────────────────────────────────────────────────╮
│╭──────────┬──────────────────────────────────╮                                 │
││  Config  │  /home/aleks/.config/crush       │                                 │
││  Data    │  /home/aleks/.local/share/crush  │                                 │
│╰──────────┴──────────────────────────────────╯                                 │
│                                                                                │
│                                                                                │
│                                                                                │
│                                                                                │
│                                                                                │
│                                                                                │
│                                                                                │
│                                                                                │
│                                                                                │
│                                                                                │
│                                                                                │
│                                                                                │
│                                                                                │
│                                                                                │
│                                                                                │
│                                                                                │
│                                                                                │
│                                                                                │
│                                                                                │
│                                                                                │
│                                                                                │
│                                                                                │
│                                                                                │
│                                                                                │
│                                                                                │
│                                                                                │
╰────────────────────────────────────────────────────────────────────────────────╯
`;

